09:04:32 **** Build of project custom_mem_test_bsp ****
make -k all 
Running Make include in ps7_cortexa9_0/libsrc/ddrps_v1_0/src
make -C ps7_cortexa9_0/libsrc/ddrps_v1_0/src -s include  "SHELL=/bin/sh" "COMPILER=arm-none-eabi-gcc" "ARCHIVER=arm-none-eabi-ar" "COMPILER_FLAGS=  -O2 -c" "EXTRA_COMPILER_FLAGS=-mcpu=cortex-a9 -mfpu=vfpv3 -mfloat-abi=hard -nostartfiles -g -Wall -Wextra"
Running Make include in ps7_cortexa9_0/libsrc/dmaps_v2_4/src
make -C ps7_cortexa9_0/libsrc/dmaps_v2_4/src -s include  "SHELL=/bin/sh" "COMPILER=arm-none-eabi-gcc" "ARCHIVER=arm-none-eabi-ar" "COMPILER_FLAGS=  -O2 -c" "EXTRA_COMPILER_FLAGS=-mcpu=cortex-a9 -mfpu=vfpv3 -mfloat-abi=hard -nostartfiles -g -Wall -Wextra"
Running Make include in ps7_cortexa9_0/libsrc/cpu_cortexa9_v2_7/src
make -C ps7_cortexa9_0/libsrc/cpu_cortexa9_v2_7/src -s include  "SHELL=/bin/sh" "COMPILER=arm-none-eabi-gcc" "ARCHIVER=arm-none-eabi-ar" "COMPILER_FLAGS=  -O2 -c" "EXTRA_COMPILER_FLAGS=-mcpu=cortex-a9 -mfpu=vfpv3 -mfloat-abi=hard -nostartfiles -g -Wall -Wextra"
Running Make include in ps7_cortexa9_0/libsrc/myip_custom_mem_v1_0/src
make -C ps7_cortexa9_0/libsrc/myip_custom_mem_v1_0/src -s include  "SHELL=/bin/sh" "COMPILER=arm-none-eabi-gcc" "ARCHIVER=arm-none-eabi-ar" "COMPILER_FLAGS=  -O2 -c" "EXTRA_COMPILER_FLAGS=-mcpu=cortex-a9 -mfpu=vfpv3 -mfloat-abi=hard -nostartfiles -g -Wall -Wextra"
Running Make include in ps7_cortexa9_0/libsrc/scugic_v4_0/src
make -C ps7_cortexa9_0/libsrc/scugic_v4_0/src -s include  "SHELL=/bin/sh" "COMPILER=arm-none-eabi-gcc" "ARCHIVER=arm-none-eabi-ar" "COMPILER_FLAGS=  -O2 -c" "EXTRA_COMPILER_FLAGS=-mcpu=cortex-a9 -mfpu=vfpv3 -mfloat-abi=hard -nostartfiles -g -Wall -Wextra"
Running Make include in ps7_cortexa9_0/libsrc/emacps_v3_9/src
make -C ps7_cortexa9_0/libsrc/emacps_v3_9/src -s include  "SHELL=/bin/sh" "COMPILER=arm-none-eabi-gcc" "ARCHIVER=arm-none-eabi-ar" "COMPILER_FLAGS=  -O2 -c" "EXTRA_COMPILER_FLAGS=-mcpu=cortex-a9 -mfpu=vfpv3 -mfloat-abi=hard -nostartfiles -g -Wall -Wextra"
Running Make include in ps7_cortexa9_0/libsrc/standalone_v7_0/src
make -C ps7_cortexa9_0/libsrc/standalone_v7_0/src -s include  "SHELL=/bin/sh" "COMPILER=arm-none-eabi-gcc" "ARCHIVER=arm-none-eabi-ar" "COMPILER_FLAGS=  -O2 -c" "EXTRA_COMPILER_FLAGS=-mcpu=cortex-a9 -mfpu=vfpv3 -mfloat-abi=hard -nostartfiles -g -Wall -Wextra"
Running Make include in ps7_cortexa9_0/libsrc/xadcps_v2_3/src
make -C ps7_cortexa9_0/libsrc/xadcps_v2_3/src -s include  "SHELL=/bin/sh" "COMPILER=arm-none-eabi-gcc" "ARCHIVER=arm-none-eabi-ar" "COMPILER_FLAGS=  -O2 -c" "EXTRA_COMPILER_FLAGS=-mcpu=cortex-a9 -mfpu=vfpv3 -mfloat-abi=hard -nostartfiles -g -Wall -Wextra"
Running Make include in ps7_cortexa9_0/libsrc/devcfg_v3_5/src
make -C ps7_cortexa9_0/libsrc/devcfg_v3_5/src -s include  "SHELL=/bin/sh" "COMPILER=arm-none-eabi-gcc" "ARCHIVER=arm-none-eabi-ar" "COMPILER_FLAGS=  -O2 -c" "EXTRA_COMPILER_FLAGS=-mcpu=cortex-a9 -mfpu=vfpv3 -mfloat-abi=hard -nostartfiles -g -Wall -Wextra"
Running Make include in ps7_cortexa9_0/libsrc/scuwdt_v2_1/src
make -C ps7_cortexa9_0/libsrc/scuwdt_v2_1/src -s include  "SHELL=/bin/sh" "COMPILER=arm-none-eabi-gcc" "ARCHIVER=arm-none-eabi-ar" "COMPILER_FLAGS=  -O2 -c" "EXTRA_COMPILER_FLAGS=-mcpu=cortex-a9 -mfpu=vfpv3 -mfloat-abi=hard -nostartfiles -g -Wall -Wextra"
Running Make include in ps7_cortexa9_0/libsrc/uartps_v3_7/src
make -C ps7_cortexa9_0/libsrc/uartps_v3_7/src -s include  "SHELL=/bin/sh" "COMPILER=arm-none-eabi-gcc" "ARCHIVER=arm-none-eabi-ar" "COMPILER_FLAGS=  -O2 -c" "EXTRA_COMPILER_FLAGS=-mcpu=cortex-a9 -mfpu=vfpv3 -mfloat-abi=hard -nostartfiles -g -Wall -Wextra"
Running Make include in ps7_cortexa9_0/libsrc/scutimer_v2_1/src
make -C ps7_cortexa9_0/libsrc/scutimer_v2_1/src -s include  "SHELL=/bin/sh" "COMPILER=arm-none-eabi-gcc" "ARCHIVER=arm-none-eabi-ar" "COMPILER_FLAGS=  -O2 -c" "EXTRA_COMPILER_FLAGS=-mcpu=cortex-a9 -mfpu=vfpv3 -mfloat-abi=hard -nostartfiles -g -Wall -Wextra"
Running Make include in ps7_cortexa9_0/libsrc/coresightps_dcc_v1_5/src
make -C ps7_cortexa9_0/libsrc/coresightps_dcc_v1_5/src -s include  "SHELL=/bin/sh" "COMPILER=arm-none-eabi-gcc" "ARCHIVER=arm-none-eabi-ar" "COMPILER_FLAGS=  -O2 -c" "EXTRA_COMPILER_FLAGS=-mcpu=cortex-a9 -mfpu=vfpv3 -mfloat-abi=hard -nostartfiles -g -Wall -Wextra"
Running Make libs in ps7_cortexa9_0/libsrc/ddrps_v1_0/src
make -C ps7_cortexa9_0/libsrc/ddrps_v1_0/src -s libs  "SHELL=/bin/sh" "COMPILER=arm-none-eabi-gcc" "ARCHIVER=arm-none-eabi-ar" "COMPILER_FLAGS=  -O2 -c" "EXTRA_COMPILER_FLAGS=-mcpu=cortex-a9 -mfpu=vfpv3 -mfloat-abi=hard -nostartfiles -g -Wall -Wextra"
Compiling ddrps
arm-none-eabi-ar: creating ../../../lib/libxil.a
Running Make libs in ps7_cortexa9_0/libsrc/dmaps_v2_4/src
make -C ps7_cortexa9_0/libsrc/dmaps_v2_4/src -s libs  "SHELL=/bin/sh" "COMPILER=arm-none-eabi-gcc" "ARCHIVER=arm-none-eabi-ar" "COMPILER_FLAGS=  -O2 -c" "EXTRA_COMPILER_FLAGS=-mcpu=cortex-a9 -mfpu=vfpv3 -mfloat-abi=hard -nostartfiles -g -Wall -Wextra"
Compiling dmaps
Running Make libs in ps7_cortexa9_0/libsrc/cpu_cortexa9_v2_7/src
make -C ps7_cortexa9_0/libsrc/cpu_cortexa9_v2_7/src -s libs  "SHELL=/bin/sh" "COMPILER=arm-none-eabi-gcc" "ARCHIVER=arm-none-eabi-ar" "COMPILER_FLAGS=  -O2 -c" "EXTRA_COMPILER_FLAGS=-mcpu=cortex-a9 -mfpu=vfpv3 -mfloat-abi=hard -nostartfiles -g -Wall -Wextra"
Compiling cpu_cortexa9
Running Make libs in ps7_cortexa9_0/libsrc/myip_custom_mem_v1_0/src
make -C ps7_cortexa9_0/libsrc/myip_custom_mem_v1_0/src -s libs  "SHELL=/bin/sh" "COMPILER=arm-none-eabi-gcc" "ARCHIVER=arm-none-eabi-ar" "COMPILER_FLAGS=  -O2 -c" "EXTRA_COMPILER_FLAGS=-mcpu=cortex-a9 -mfpu=vfpv3 -mfloat-abi=hard -nostartfiles -g -Wall -Wextra"
Compiling myip_custom_mem...
myip_custom_mem_selftest.c: In function 'MYIP_CUSTOM_MEM_Reg_SelfTest':
myip_custom_mem_selftest.c:52:64: warning: comparison of integer expressions of different signedness: 'u32' {aka 'long unsigned int'} and 'int' [-Wsign-compare]
    if ( MYIP_CUSTOM_MEM_mReadReg (baseaddr, read_loop_index*4) != (read_loop_index+1)*READ_WRITE_MUL_FACTOR){
                                                                ^~
myip_custom_mem_selftest.c:36:6: warning: unused variable 'Index' [-Wunused-variable]
  int Index;
      ^~~~~
Running Make libs in ps7_cortexa9_0/libsrc/scugic_v4_0/src
make -C ps7_cortexa9_0/libsrc/scugic_v4_0/src -s libs  "SHELL=/bin/sh" "COMPILER=arm-none-eabi-gcc" "ARCHIVER=arm-none-eabi-ar" "COMPILER_FLAGS=  -O2 -c" "EXTRA_COMPILER_FLAGS=-mcpu=cortex-a9 -mfpu=vfpv3 -mfloat-abi=hard -nostartfiles -g -Wall -Wextra"
Compiling scugic
Running Make libs in ps7_cortexa9_0/libsrc/emacps_v3_9/src
make -C ps7_cortexa9_0/libsrc/emacps_v3_9/src -s libs  "SHELL=/bin/sh" "COMPILER=arm-none-eabi-gcc" "ARCHIVER=arm-none-eabi-ar" "COMPILER_FLAGS=  -O2 -c" "EXTRA_COMPILER_FLAGS=-mcpu=cortex-a9 -mfpu=vfpv3 -mfloat-abi=hard -nostartfiles -g -Wall -Wextra"
Compiling emacps
Running Make libs in ps7_cortexa9_0/libsrc/standalone_v7_0/src
make -C ps7_cortexa9_0/libsrc/standalone_v7_0/src -s libs  "SHELL=/bin/sh" "COMPILER=arm-none-eabi-gcc" "ARCHIVER=arm-none-eabi-ar" "COMPILER_FLAGS=  -O2 -c" "EXTRA_COMPILER_FLAGS=-mcpu=cortex-a9 -mfpu=vfpv3 -mfloat-abi=hard -nostartfiles -g -Wall -Wextra"
Compiling standalone
In file included from sleep.c:53:
xtime_l.h:87:9: note: #pragma message: For the sleep routines, Global timer is being used
 #pragma message ("For the sleep routines, Global timer is being used")
         ^~~~~~~
In file included from xtime_l.c:49:
xtime_l.h:87:9: note: #pragma message: For the sleep routines, Global timer is being used
 #pragma message ("For the sleep routines, Global timer is being used")
         ^~~~~~~
In file included from xil_sleeptimer.c:51:
xtime_l.h:87:9: note: #pragma message: For the sleep routines, Global timer is being used
 #pragma message ("For the sleep routines, Global timer is being used")
         ^~~~~~~
In file included from usleep.c:56:
xtime_l.h:87:9: note: #pragma message: For the sleep routines, Global timer is being used
 #pragma message ("For the sleep routines, Global timer is being used")
         ^~~~~~~
Running Make libs in ps7_cortexa9_0/libsrc/xadcps_v2_3/src
make -C ps7_cortexa9_0/libsrc/xadcps_v2_3/src -s libs  "SHELL=/bin/sh" "COMPILER=arm-none-eabi-gcc" "ARCHIVER=arm-none-eabi-ar" "COMPILER_FLAGS=  -O2 -c" "EXTRA_COMPILER_FLAGS=-mcpu=cortex-a9 -mfpu=vfpv3 -mfloat-abi=hard -nostartfiles -g -Wall -Wextra"
Compiling xadcps
Running Make libs in ps7_cortexa9_0/libsrc/devcfg_v3_5/src
make -C ps7_cortexa9_0/libsrc/devcfg_v3_5/src -s libs  "SHELL=/bin/sh" "COMPILER=arm-none-eabi-gcc" "ARCHIVER=arm-none-eabi-ar" "COMPILER_FLAGS=  -O2 -c" "EXTRA_COMPILER_FLAGS=-mcpu=cortex-a9 -mfpu=vfpv3 -mfloat-abi=hard -nostartfiles -g -Wall -Wextra"
Compiling devcfg
Running Make libs in ps7_cortexa9_0/libsrc/scuwdt_v2_1/src
make -C ps7_cortexa9_0/libsrc/scuwdt_v2_1/src -s libs  "SHELL=/bin/sh" "COMPILER=arm-none-eabi-gcc" "ARCHIVER=arm-none-eabi-ar" "COMPILER_FLAGS=  -O2 -c" "EXTRA_COMPILER_FLAGS=-mcpu=cortex-a9 -mfpu=vfpv3 -mfloat-abi=hard -nostartfiles -g -Wall -Wextra"
Compiling scuwdt
Running Make libs in ps7_cortexa9_0/libsrc/uartps_v3_7/src
make -C ps7_cortexa9_0/libsrc/uartps_v3_7/src -s libs  "SHELL=/bin/sh" "COMPILER=arm-none-eabi-gcc" "ARCHIVER=arm-none-eabi-ar" "COMPILER_FLAGS=  -O2 -c" "EXTRA_COMPILER_FLAGS=-mcpu=cortex-a9 -mfpu=vfpv3 -mfloat-abi=hard -nostartfiles -g -Wall -Wextra"
Compiling uartps
Running Make libs in ps7_cortexa9_0/libsrc/scutimer_v2_1/src
make -C ps7_cortexa9_0/libsrc/scutimer_v2_1/src -s libs  "SHELL=/bin/sh" "COMPILER=arm-none-eabi-gcc" "ARCHIVER=arm-none-eabi-ar" "COMPILER_FLAGS=  -O2 -c" "EXTRA_COMPILER_FLAGS=-mcpu=cortex-a9 -mfpu=vfpv3 -mfloat-abi=hard -nostartfiles -g -Wall -Wextra"
Compiling scutimer
Running Make libs in ps7_cortexa9_0/libsrc/coresightps_dcc_v1_5/src
make -C ps7_cortexa9_0/libsrc/coresightps_dcc_v1_5/src -s libs  "SHELL=/bin/sh" "COMPILER=arm-none-eabi-gcc" "ARCHIVER=arm-none-eabi-ar" "COMPILER_FLAGS=  -O2 -c" "EXTRA_COMPILER_FLAGS=-mcpu=cortex-a9 -mfpu=vfpv3 -mfloat-abi=hard -nostartfiles -g -Wall -Wextra"
Compiling coresightps_dcc
Finished building libraries
09:04:37 **** Build of configuration Debug for project custom_mem_test ****
make pre-build main-build 
a9-linaro-pre-build-step
 
Building file: ../src/helloworld.c
Invoking: ARM v7 gcc compiler
arm-none-eabi-gcc -Wall -O0 -g3 -c -fmessage-length=0 -MT"src/helloworld.o" -mcpu=cortex-a9 -mfpu=vfpv3 -mfloat-abi=hard -I../../custom_mem_test_bsp/ps7_cortexa9_0/include -MMD -MP -MF"src/helloworld.d" -MT"src/helloworld.o" -o "src/helloworld.o" "../src/helloworld.c"
Finished building: ../src/helloworld.c
 
Building file: ../src/platform.c
Invoking: ARM v7 gcc compiler
arm-none-eabi-gcc -Wall -O0 -g3 -c -fmessage-length=0 -MT"src/platform.o" -mcpu=cortex-a9 -mfpu=vfpv3 -mfloat-abi=hard -I../../custom_mem_test_bsp/ps7_cortexa9_0/include -MMD -MP -MF"src/platform.d" -MT"src/platform.o" -o "src/platform.o" "../src/platform.c"
Finished building: ../src/platform.c
 
Building target: custom_mem_test.elf
Invoking: ARM v7 gcc linker
arm-none-eabi-gcc -mcpu=cortex-a9 -mfpu=vfpv3 -mfloat-abi=hard -Wl,-build-id=none -specs=Xilinx.spec -Wl,-T -Wl,../src/lscript.ld -L../../custom_mem_test_bsp/ps7_cortexa9_0/lib -o "custom_mem_test.elf"  ./src/helloworld.o ./src/platform.o   -Wl,--start-group,-lxil,-lgcc,-lc,--end-group
Finished building target: custom_mem_test.elf
 
Invoking: ARM v7 Print Size
arm-none-eabi-size custom_mem_test.elf  |tee "custom_mem_test.elf.size"
   text	   data	    bss	    dec	    hex	filename
  19064	   1144	  22568	  42776	   a718	custom_mem_test.elf
Finished building: custom_mem_test.elf.size
 
09:09:19 **** Auto Build of configuration Debug for project custom_mem_test ****
make pre-build main-build 
a9-linaro-pre-build-step
 
Building file: ../src/helloworld.c
Invoking: ARM v7 gcc compiler
arm-none-eabi-gcc -Wall -O0 -g3 -c -fmessage-length=0 -MT"src/helloworld.o" -mcpu=cortex-a9 -mfpu=vfpv3 -mfloat-abi=hard -I../../custom_mem_test_bsp/ps7_cortexa9_0/include -MMD -MP -MF"src/helloworld.d" -MT"src/helloworld.o" -o "src/helloworld.o" "../src/helloworld.c"
../src/helloworld.c:56:10: fatal error: myip_bram.h: No such file or directory
 #include "myip_bram.h"
          ^~~~~~~~~~~~~
compilation terminated.
src/subdir.mk:24: recipe for target 'src/helloworld.o' failed
make: *** [src/helloworld.o] Error 1
09:11:09 **** Auto Build of configuration Debug for project custom_mem_test ****
make pre-build main-build 
a9-linaro-pre-build-step
 
Building file: ../src/helloworld.c
Invoking: ARM v7 gcc compiler
arm-none-eabi-gcc -Wall -O0 -g3 -c -fmessage-length=0 -MT"src/helloworld.o" -mcpu=cortex-a9 -mfpu=vfpv3 -mfloat-abi=hard -I../../custom_mem_test_bsp/ps7_cortexa9_0/include -MMD -MP -MF"src/helloworld.d" -MT"src/helloworld.o" -o "src/helloworld.o" "../src/helloworld.c"
../src/helloworld.c: In function 'main':
../src/helloworld.c:77:15: error: 'XPAR_MYIP_BRAM_0_S00_AXI_BASEADDR' undeclared (first use in this function); did you mean 'XPAR_PS7_RAM_0_S_AXI_BASEADDR'?
     Xil_Out32(XPAR_MYIP_BRAM_0_S00_AXI_BASEADDR, 5);
               ^~~~~~~~~~~~~~~~~~~~~~~~~~~~~~~~~
               XPAR_PS7_RAM_0_S_AXI_BASEADDR
../src/helloworld.c:77:15: note: each undeclared identifier is reported only once for each function it appears in
../src/helloworld.c:82:6: warning: implicit declaration of function 'MYIP_BRAM_mWriteReg'; did you mean 'MYIP_CUSTOM_MEM_mWriteReg'? [-Wimplicit-function-declaration]
      MYIP_BRAM_mWriteReg(MYBRAM_BASE_ADDR, SLAVE_REG1_OFFSET, i);
      ^~~~~~~~~~~~~~~~~~~
      MYIP_CUSTOM_MEM_mWriteReg
../src/helloworld.c:63:27: error: 'MYIP_BRAM_S00_AXI_SLV_REG1_OFFSET' undeclared (first use in this function); did you mean 'MYIP_CUSTOM_MEM_S00_AXI_SLV_REG1_OFFSET'?
 #define SLAVE_REG1_OFFSET MYIP_BRAM_S00_AXI_SLV_REG1_OFFSET
                           ^~~~~~~~~~~~~~~~~~~~~~~~~~~~~~~~~
../src/helloworld.c:63:27: note: in definition of macro 'SLAVE_REG1_OFFSET'
 #define SLAVE_REG1_OFFSET MYIP_BRAM_S00_AXI_SLV_REG1_OFFSET
                           ^~~~~~~~~~~~~~~~~~~~~~~~~~~~~~~~~
../src/helloworld.c:64:27: error: 'MYIP_BRAM_S00_AXI_SLV_REG2_OFFSET' undeclared (first use in this function); did you mean 'MYIP_CUSTOM_MEM_S00_AXI_SLV_REG2_OFFSET'?
 #define SLAVE_REG2_OFFSET MYIP_BRAM_S00_AXI_SLV_REG2_OFFSET
                           ^~~~~~~~~~~~~~~~~~~~~~~~~~~~~~~~~
../src/helloworld.c:64:27: note: in definition of macro 'SLAVE_REG2_OFFSET'
 #define SLAVE_REG2_OFFSET MYIP_BRAM_S00_AXI_SLV_REG2_OFFSET
                           ^~~~~~~~~~~~~~~~~~~~~~~~~~~~~~~~~
../src/helloworld.c:62:27: error: 'MYIP_BRAM_S00_AXI_SLV_REG0_OFFSET' undeclared (first use in this function); did you mean 'MYIP_CUSTOM_MEM_S00_AXI_SLV_REG0_OFFSET'?
 #define SLAVE_REG0_OFFSET MYIP_BRAM_S00_AXI_SLV_REG0_OFFSET
                           ^~~~~~~~~~~~~~~~~~~~~~~~~~~~~~~~~
../src/helloworld.c:62:27: note: in definition of macro 'SLAVE_REG0_OFFSET'
 #define SLAVE_REG0_OFFSET MYIP_BRAM_S00_AXI_SLV_REG0_OFFSET
                           ^~~~~~~~~~~~~~~~~~~~~~~~~~~~~~~~~
make: *** [src/helloworld.o] Error 1
src/subdir.mk:24: recipe for target 'src/helloworld.o' failed
09:11:18 **** Auto Build of configuration Debug for project custom_mem_test ****
make pre-build main-build 
a9-linaro-pre-build-step
 
Building file: ../src/helloworld.c
Invoking: ARM v7 gcc compiler
arm-none-eabi-gcc -Wall -O0 -g3 -c -fmessage-length=0 -MT"src/helloworld.o" -mcpu=cortex-a9 -mfpu=vfpv3 -mfloat-abi=hard -I../../custom_mem_test_bsp/ps7_cortexa9_0/include -MMD -MP -MF"src/helloworld.d" -MT"src/helloworld.o" -o "src/helloworld.o" "../src/helloworld.c"
../src/helloworld.c: In function 'main':
../src/helloworld.c:75:15: error: 'XPAR_MYIP_BRAM_0_S00_AXI_BASEADDR' undeclared (first use in this function); did you mean 'XPAR_PS7_RAM_0_S_AXI_BASEADDR'?
     Xil_Out32(XPAR_MYIP_BRAM_0_S00_AXI_BASEADDR, 5);
               ^~~~~~~~~~~~~~~~~~~~~~~~~~~~~~~~~
               XPAR_PS7_RAM_0_S_AXI_BASEADDR
../src/helloworld.c:75:15: note: each undeclared identifier is reported only once for each function it appears in
../src/helloworld.c:80:6: warning: implicit declaration of function 'MYIP_BRAM_mWriteReg'; did you mean 'MYIP_CUSTOM_MEM_mWriteReg'? [-Wimplicit-function-declaration]
      MYIP_BRAM_mWriteReg(MYBRAM_BASE_ADDR, SLAVE_REG1_OFFSET, i);
      ^~~~~~~~~~~~~~~~~~~
      MYIP_CUSTOM_MEM_mWriteReg
../src/helloworld.c:80:44: error: 'SLAVE_REG1_OFFSET' undeclared (first use in this function); did you mean 'SLAVE_REG4_OFFSET'?
      MYIP_BRAM_mWriteReg(MYBRAM_BASE_ADDR, SLAVE_REG1_OFFSET, i);
                                            ^~~~~~~~~~~~~~~~~
                                            SLAVE_REG4_OFFSET
../src/helloworld.c:81:44: error: 'SLAVE_REG2_OFFSET' undeclared (first use in this function); did you mean 'SLAVE_REG4_OFFSET'?
      MYIP_BRAM_mWriteReg(MYBRAM_BASE_ADDR, SLAVE_REG2_OFFSET, arr[i]);
                                            ^~~~~~~~~~~~~~~~~
                                            SLAVE_REG4_OFFSET
../src/helloworld.c:84:43: error: 'SLAVE_REG0_OFFSET' undeclared (first use in this function); did you mean 'SLAVE_REG4_OFFSET'?
     MYIP_BRAM_mWriteReg(MYBRAM_BASE_ADDR, SLAVE_REG0_OFFSET,(u32) 21);
                                           ^~~~~~~~~~~~~~~~~
                                           SLAVE_REG4_OFFSET
src/subdir.mk:24: recipe for target 'src/helloworld.o' failed
make: *** [src/helloworld.o] Error 1
09:11:53 **** Auto Build of configuration Debug for project custom_mem_test ****
make pre-build main-build 
a9-linaro-pre-build-step
 
Building file: ../src/helloworld.c
Invoking: ARM v7 gcc compiler
arm-none-eabi-gcc -Wall -O0 -g3 -c -fmessage-length=0 -MT"src/helloworld.o" -mcpu=cortex-a9 -mfpu=vfpv3 -mfloat-abi=hard -I../../custom_mem_test_bsp/ps7_cortexa9_0/include -MMD -MP -MF"src/helloworld.d" -MT"src/helloworld.o" -o "src/helloworld.o" "../src/helloworld.c"
../src/helloworld.c: In function 'main':
../src/helloworld.c:73:15: error: 'XPAR_MYIP_BRAM_0_S00_AXI_BASEADDR' undeclared (first use in this function); did you mean 'XPAR_PS7_RAM_0_S_AXI_BASEADDR'?
     Xil_Out32(XPAR_MYIP_BRAM_0_S00_AXI_BASEADDR, 5);
               ^~~~~~~~~~~~~~~~~~~~~~~~~~~~~~~~~
               XPAR_PS7_RAM_0_S_AXI_BASEADDR
../src/helloworld.c:73:15: note: each undeclared identifier is reported only once for each function it appears in
../src/helloworld.c:78:6: warning: implicit declaration of function 'MYIP_BRAM_mWriteReg'; did you mean 'MYIP_CUSTOM_MEM_mWriteReg'? [-Wimplicit-function-declaration]
      MYIP_BRAM_mWriteReg(MYBRAM_BASE_ADDR, SLAVE_REG1_OFFSET, i);
      ^~~~~~~~~~~~~~~~~~~
      MYIP_CUSTOM_MEM_mWriteReg
../src/helloworld.c:78:26: error: 'MYBRAM_BASE_ADDR' undeclared (first use in this function); did you mean 'XPS_OCM_BASEADDR'?
      MYIP_BRAM_mWriteReg(MYBRAM_BASE_ADDR, SLAVE_REG1_OFFSET, i);
                          ^~~~~~~~~~~~~~~~
                          XPS_OCM_BASEADDR
../src/helloworld.c:78:44: error: 'SLAVE_REG1_OFFSET' undeclared (first use in this function); did you mean 'SLAVE_REG4_OFFSET'?
      MYIP_BRAM_mWriteReg(MYBRAM_BASE_ADDR, SLAVE_REG1_OFFSET, i);
                                            ^~~~~~~~~~~~~~~~~
                                            SLAVE_REG4_OFFSET
../src/helloworld.c:79:44: error: 'SLAVE_REG2_OFFSET' undeclared (first use in this function); did you mean 'SLAVE_REG4_OFFSET'?
      MYIP_BRAM_mWriteReg(MYBRAM_BASE_ADDR, SLAVE_REG2_OFFSET, arr[i]);
                                            ^~~~~~~~~~~~~~~~~
                                            SLAVE_REG4_OFFSET
../src/helloworld.c:82:43: error: 'SLAVE_REG0_OFFSET' undeclared (first use in this function); did you mean 'SLAVE_REG4_OFFSET'?
     MYIP_BRAM_mWriteReg(MYBRAM_BASE_ADDR, SLAVE_REG0_OFFSET,(u32) 21);
                                           ^~~~~~~~~~~~~~~~~
                                           SLAVE_REG4_OFFSET
src/subdir.mk:24: recipe for target 'src/helloworld.o' failed
make: *** [src/helloworld.o] Error 1
09:12:36 **** Auto Build of configuration Debug for project custom_mem_test ****
make pre-build main-build 
a9-linaro-pre-build-step
 
Building file: ../src/helloworld.c
Invoking: ARM v7 gcc compiler
arm-none-eabi-gcc -Wall -O0 -g3 -c -fmessage-length=0 -MT"src/helloworld.o" -mcpu=cortex-a9 -mfpu=vfpv3 -mfloat-abi=hard -I../../custom_mem_test_bsp/ps7_cortexa9_0/include -MMD -MP -MF"src/helloworld.d" -MT"src/helloworld.o" -o "src/helloworld.o" "../src/helloworld.c"
../src/helloworld.c: In function 'main':
../src/helloworld.c:74:15: error: 'XPAR_MYIP_BRAM_0_S00_AXI_BASEADDR' undeclared (first use in this function); did you mean 'XPAR_PS7_RAM_0_S_AXI_BASEADDR'?
     Xil_Out32(XPAR_MYIP_BRAM_0_S00_AXI_BASEADDR, 5);
               ^~~~~~~~~~~~~~~~~~~~~~~~~~~~~~~~~
               XPAR_PS7_RAM_0_S_AXI_BASEADDR
../src/helloworld.c:74:15: note: each undeclared identifier is reported only once for each function it appears in
../src/helloworld.c:79:6: warning: implicit declaration of function 'MYIP_BRAM_mWriteReg'; did you mean 'MYIP_CUSTOM_MEM_mWriteReg'? [-Wimplicit-function-declaration]
      MYIP_BRAM_mWriteReg(MYBRAM_BASE_ADDR, SLAVE_REG1_OFFSET, i);
      ^~~~~~~~~~~~~~~~~~~
      MYIP_CUSTOM_MEM_mWriteReg
../src/helloworld.c:79:26: error: 'MYBRAM_BASE_ADDR' undeclared (first use in this function); did you mean 'XPS_OCM_BASEADDR'?
      MYIP_BRAM_mWriteReg(MYBRAM_BASE_ADDR, SLAVE_REG1_OFFSET, i);
                          ^~~~~~~~~~~~~~~~
                          XPS_OCM_BASEADDR
../src/helloworld.c:79:44: error: 'SLAVE_REG1_OFFSET' undeclared (first use in this function); did you mean 'SLAVE_REG4_OFFSET'?
      MYIP_BRAM_mWriteReg(MYBRAM_BASE_ADDR, SLAVE_REG1_OFFSET, i);
                                            ^~~~~~~~~~~~~~~~~
                                            SLAVE_REG4_OFFSET
../src/helloworld.c:80:44: error: 'SLAVE_REG2_OFFSET' undeclared (first use in this function); did you mean 'SLAVE_REG4_OFFSET'?
      MYIP_BRAM_mWriteReg(MYBRAM_BASE_ADDR, SLAVE_REG2_OFFSET, arr[i]);
                                            ^~~~~~~~~~~~~~~~~
                                            SLAVE_REG4_OFFSET
../src/helloworld.c:83:43: error: 'SLAVE_REG0_OFFSET' undeclared (first use in this function); did you mean 'SLAVE_REG4_OFFSET'?
     MYIP_BRAM_mWriteReg(MYBRAM_BASE_ADDR, SLAVE_REG0_OFFSET,(u32) 21);
                                           ^~~~~~~~~~~~~~~~~
                                           SLAVE_REG4_OFFSET
src/subdir.mk:24: recipe for target 'src/helloworld.o' failed
make: *** [src/helloworld.o] Error 1
09:13:51 **** Auto Build of configuration Debug for project custom_mem_test ****
make pre-build main-build 
a9-linaro-pre-build-step
 
Building file: ../src/helloworld.c
Invoking: ARM v7 gcc compiler
arm-none-eabi-gcc -Wall -O0 -g3 -c -fmessage-length=0 -MT"src/helloworld.o" -mcpu=cortex-a9 -mfpu=vfpv3 -mfloat-abi=hard -I../../custom_mem_test_bsp/ps7_cortexa9_0/include -MMD -MP -MF"src/helloworld.d" -MT"src/helloworld.o" -o "src/helloworld.o" "../src/helloworld.c"
../src/helloworld.c: In function 'main':
../src/helloworld.c:75:15: error: 'XPAR_MYIP_BRAM_0_S00_AXI_BASEADDR' undeclared (first use in this function); did you mean 'XPAR_PS7_RAM_0_S_AXI_BASEADDR'?
     Xil_Out32(XPAR_MYIP_BRAM_0_S00_AXI_BASEADDR, 5);
               ^~~~~~~~~~~~~~~~~~~~~~~~~~~~~~~~~
               XPAR_PS7_RAM_0_S_AXI_BASEADDR
../src/helloworld.c:75:15: note: each undeclared identifier is reported only once for each function it appears in
src/subdir.mk:24: recipe for target 'src/helloworld.o' failed
../src/helloworld.c:68:6: warning: variable 'arr' set but not used [-Wunused-but-set-variable]
  u32 arr[SIZE];
      ^~~
make: *** [src/helloworld.o] Error 1
09:14:08 **** Auto Build of configuration Debug for project custom_mem_test ****
make pre-build main-build 
a9-linaro-pre-build-step
 
Building file: ../src/helloworld.c
Invoking: ARM v7 gcc compiler
arm-none-eabi-gcc -Wall -O0 -g3 -c -fmessage-length=0 -MT"src/helloworld.o" -mcpu=cortex-a9 -mfpu=vfpv3 -mfloat-abi=hard -I../../custom_mem_test_bsp/ps7_cortexa9_0/include -MMD -MP -MF"src/helloworld.d" -MT"src/helloworld.o" -o "src/helloworld.o" "../src/helloworld.c"
../src/helloworld.c: In function 'main':
../src/helloworld.c:68:6: warning: variable 'arr' set but not used [-Wunused-but-set-variable]
  u32 arr[SIZE];
      ^~~
Finished building: ../src/helloworld.c
 
Building target: custom_mem_test.elf
Invoking: ARM v7 gcc linker
arm-none-eabi-gcc -mcpu=cortex-a9 -mfpu=vfpv3 -mfloat-abi=hard -Wl,-build-id=none -specs=Xilinx.spec -Wl,-T -Wl,../src/lscript.ld -L../../custom_mem_test_bsp/ps7_cortexa9_0/lib -o "custom_mem_test.elf"  ./src/helloworld.o ./src/platform.o   -Wl,--start-group,-lxil,-lgcc,-lc,--end-group
Finished building target: custom_mem_test.elf
 
Invoking: ARM v7 Print Size
arm-none-eabi-size custom_mem_test.elf  |tee "custom_mem_test.elf.size"
   text	   data	    bss	    dec	    hex	filename
  28760	   2184	  22632	  53576	   d148	custom_mem_test.elf
Finished building: custom_mem_test.elf.size
 
09:14:09 **** Incremental Build of configuration Debug for project custom_mem_test ****
make pre-build main-build 
a9-linaro-pre-build-step
 
make: Nothing to be done for 'main-build'.
09:15:14 **** Incremental Build of configuration Debug for project custom_mem_test ****
make pre-build main-build 
a9-linaro-pre-build-step
 
make: Nothing to be done for 'main-build'.
09:15:29 **** Incremental Build of configuration Debug for project custom_mem_test ****
make pre-build main-build 
a9-linaro-pre-build-step
 
make: Nothing to be done for 'main-build'.
09:15:53 **** Incremental Build of configuration Debug for project custom_mem_test ****
make pre-build main-build 
a9-linaro-pre-build-step
 
make: Nothing to be done for 'main-build'.
09:16:45 **** Incremental Build of configuration Debug for project custom_mem_test ****
make pre-build main-build 
a9-linaro-pre-build-step
 
make: Nothing to be done for 'main-build'.
09:16:50 **** Incremental Build of configuration Debug for project custom_mem_test ****
make pre-build main-build 
a9-linaro-pre-build-step
 
Building file: ../src/helloworld.c
Invoking: ARM v7 gcc compiler
arm-none-eabi-gcc -Wall -O0 -g3 -c -fmessage-length=0 -MT"src/helloworld.o" -mcpu=cortex-a9 -mfpu=vfpv3 -mfloat-abi=hard -I../../custom_mem_test_bsp/ps7_cortexa9_0/include -MMD -MP -MF"src/helloworld.d" -MT"src/helloworld.o" -o "src/helloworld.o" "../src/helloworld.c"
../src/helloworld.c: In function 'main':
../src/helloworld.c:68:6: warning: variable 'arr' set but not used [-Wunused-but-set-variable]
  u32 arr[SIZE];
      ^~~
Finished building: ../src/helloworld.c
 
Building target: custom_mem_test.elf
Invoking: ARM v7 gcc linker
arm-none-eabi-gcc -mcpu=cortex-a9 -mfpu=vfpv3 -mfloat-abi=hard -Wl,-build-id=none -specs=Xilinx.spec -Wl,-T -Wl,../src/lscript.ld -L../../custom_mem_test_bsp/ps7_cortexa9_0/lib -o "custom_mem_test.elf"  ./src/helloworld.o ./src/platform.o   -Wl,--start-group,-lxil,-lgcc,-lc,--end-group
Finished building target: custom_mem_test.elf
 
Invoking: ARM v7 Print Size
arm-none-eabi-size custom_mem_test.elf  |tee "custom_mem_test.elf.size"
   text	   data	    bss	    dec	    hex	filename
  28760	   2184	  22632	  53576	   d148	custom_mem_test.elf
Finished building: custom_mem_test.elf.size
 
09:17:56 **** Incremental Build of configuration Debug for project custom_mem_test ****
make pre-build main-build 
a9-linaro-pre-build-step
 
make: Nothing to be done for 'main-build'.
09:18:00 **** Incremental Build of configuration Debug for project custom_mem_test ****
make pre-build main-build 
a9-linaro-pre-build-step
 
Building file: ../src/helloworld.c
Invoking: ARM v7 gcc compiler
arm-none-eabi-gcc -Wall -O0 -g3 -c -fmessage-length=0 -MT"src/helloworld.o" -mcpu=cortex-a9 -mfpu=vfpv3 -mfloat-abi=hard -I../../custom_mem_test_bsp/ps7_cortexa9_0/include -MMD -MP -MF"src/helloworld.d" -MT"src/helloworld.o" -o "src/helloworld.o" "../src/helloworld.c"
../src/helloworld.c: In function 'main':
../src/helloworld.c:68:6: warning: variable 'arr' set but not used [-Wunused-but-set-variable]
  u32 arr[SIZE];
      ^~~
Finished building: ../src/helloworld.c
 
Building target: custom_mem_test.elf
Invoking: ARM v7 gcc linker
arm-none-eabi-gcc -mcpu=cortex-a9 -mfpu=vfpv3 -mfloat-abi=hard -Wl,-build-id=none -specs=Xilinx.spec -Wl,-T -Wl,../src/lscript.ld -L../../custom_mem_test_bsp/ps7_cortexa9_0/lib -o "custom_mem_test.elf"  ./src/helloworld.o ./src/platform.o   -Wl,--start-group,-lxil,-lgcc,-lc,--end-group
Finished building target: custom_mem_test.elf
 
Invoking: ARM v7 Print Size
arm-none-eabi-size custom_mem_test.elf  |tee "custom_mem_test.elf.size"
   text	   data	    bss	    dec	    hex	filename
  28760	   2184	  22632	  53576	   d148	custom_mem_test.elf
Finished building: custom_mem_test.elf.size
 
09:18:24 **** Incremental Build of configuration Debug for project custom_mem_test ****
make pre-build main-build 
a9-linaro-pre-build-step
 
make: Nothing to be done for 'main-build'.
09:19:53 **** Auto Build of configuration Debug for project custom_mem_test ****
make pre-build main-build 
a9-linaro-pre-build-step
 
Building target: custom_mem_test.elf
Invoking: ARM v7 gcc linker
arm-none-eabi-gcc -mcpu=cortex-a9 -mfpu=vfpv3 -mfloat-abi=hard -Wl,-build-id=none -specs=Xilinx.spec -Wl,-T -Wl,../src/lscript.ld -L../../custom_mem_test_bsp/ps7_cortexa9_0/lib -o "custom_mem_test.elf"  ./src/helloworld.o ./src/platform.o   -Wl,--start-group,-lxil,-lgcc,-lc,--end-group
Finished building target: custom_mem_test.elf
 
Invoking: ARM v7 Print Size
arm-none-eabi-size custom_mem_test.elf  |tee "custom_mem_test.elf.size"
   text	   data	    bss	    dec	    hex	filename
  28760	   2184	100669544	100700488	6009148	custom_mem_test.elf
Finished building: custom_mem_test.elf.size
 
09:19:55 **** Incremental Build of configuration Debug for project custom_mem_test ****
make pre-build main-build 
a9-linaro-pre-build-step
 
make: Nothing to be done for 'main-build'.
09:20:00 **** Incremental Build of configuration Debug for project custom_mem_test ****
make pre-build main-build 
a9-linaro-pre-build-step
 
make: Nothing to be done for 'main-build'.
09:20:23 **** Incremental Build of configuration Debug for project custom_mem_test ****
make pre-build main-build 
a9-linaro-pre-build-step
 
make: Nothing to be done for 'main-build'.
09:20:30 **** Auto Build of configuration Debug for project custom_mem_test ****
make pre-build main-build 
a9-linaro-pre-build-step
 
Building target: custom_mem_test.elf
Invoking: ARM v7 gcc linker
arm-none-eabi-gcc -mcpu=cortex-a9 -mfpu=vfpv3 -mfloat-abi=hard -Wl,-build-id=none -specs=Xilinx.spec -Wl,-T -Wl,../src/lscript.ld -L../../custom_mem_test_bsp/ps7_cortexa9_0/lib -o "custom_mem_test.elf"  ./src/helloworld.o ./src/platform.o   -Wl,--start-group,-lxil,-lgcc,-lc,--end-group
Finished building target: custom_mem_test.elf
 
Invoking: ARM v7 Print Size
arm-none-eabi-size custom_mem_test.elf  |tee "custom_mem_test.elf.size"
   text	   data	    bss	    dec	    hex	filename
  28760	   2184	50346088	50377032	300b148	custom_mem_test.elf
Finished building: custom_mem_test.elf.size
 
09:20:31 **** Incremental Build of configuration Debug for project custom_mem_test ****
make pre-build main-build 
a9-linaro-pre-build-step
 
make: Nothing to be done for 'main-build'.
09:20:33 **** Incremental Build of configuration Debug for project custom_mem_test ****
make pre-build main-build 
a9-linaro-pre-build-step
 
make: Nothing to be done for 'main-build'.
09:20:57 **** Incremental Build of configuration Debug for project custom_mem_test ****
make pre-build main-build 
a9-linaro-pre-build-step
 
make: Nothing to be done for 'main-build'.
09:22:18 **** Incremental Build of configuration Debug for project custom_mem_test ****
make pre-build main-build 
a9-linaro-pre-build-step
 
make: Nothing to be done for 'main-build'.
09:22:44 **** Incremental Build of configuration Debug for project custom_mem_test ****
make pre-build main-build 
a9-linaro-pre-build-step
 
make: Nothing to be done for 'main-build'.
09:24:56 **** Auto Build of configuration Debug for project custom_mem_test ****
make pre-build main-build 
a9-linaro-pre-build-step
 
Building file: ../src/helloworld.c
Invoking: ARM v7 gcc compiler
arm-none-eabi-gcc -Wall -O0 -g3 -c -fmessage-length=0 -MT"src/helloworld.o" -mcpu=cortex-a9 -mfpu=vfpv3 -mfloat-abi=hard -I../../custom_mem_test_bsp/ps7_cortexa9_0/include -MMD -MP -MF"src/helloworld.d" -MT"src/helloworld.o" -o "src/helloworld.o" "../src/helloworld.c"
Finished building: ../src/helloworld.c
 
Building target: custom_mem_test.elf
Invoking: ARM v7 gcc linker
arm-none-eabi-gcc -mcpu=cortex-a9 -mfpu=vfpv3 -mfloat-abi=hard -Wl,-build-id=none -specs=Xilinx.spec -Wl,-T -Wl,../src/lscript.ld -L../../custom_mem_test_bsp/ps7_cortexa9_0/lib -o "custom_mem_test.elf"  ./src/helloworld.o ./src/platform.o   -Wl,--start-group,-lxil,-lgcc,-lc,--end-group
Finished building target: custom_mem_test.elf
 
Invoking: ARM v7 Print Size
arm-none-eabi-size custom_mem_test.elf  |tee "custom_mem_test.elf.size"
   text	   data	    bss	    dec	    hex	filename
  28920	   2184	50346088	50377192	300b1e8	custom_mem_test.elf
Finished building: custom_mem_test.elf.size
 
09:24:58 **** Incremental Build of configuration Debug for project custom_mem_test ****
make pre-build main-build 
a9-linaro-pre-build-step
 
make: Nothing to be done for 'main-build'.
09:25:57 **** Incremental Build of configuration Debug for project custom_mem_test ****
make pre-build main-build 
a9-linaro-pre-build-step
 
make: Nothing to be done for 'main-build'.
19:02:59 **** Incremental Build of configuration Debug for project custom_mem_test ****
make pre-build main-build 
a9-linaro-pre-build-step
 
make: Nothing to be done for 'main-build'.
